=== phase24a driver start 2026-08-18 18:34:01 +0800 ===
-- pre memory.json --
-rw------- 1 root root 38622 Aug 17 22:23 /root/QianWuYuyi-AI/data/memory.json
c79d042d6f4a3f7992edf21d7a17e85a2d0e2b2fbabe88c2af886e3e7630ec23  /root/QianWuYuyi-AI/data/memory.json
-- stop yuyi-api --
is-active: inactive
-- import --
{
 "phase": "2.4-A",
 "mode": "import",
 "at": "2026-08-18T18:34:09",
 "memory_path": "/root/QianWuYuyi-AI/data/memory.json",
 "pre_count": 93,
 "pre_sha256": "c79d042d6f4a3f7992edf21d7a17e85a2d0e2b2fbabe88c2af886e3e7630ec23",
 "payload_total": 104,
 "added": 104,
 "added_ids": [
  "rec_8ef4f9bf2775c845",
  "rec_a78ab31d5fb5d7d7",
  "rec_e248231b720e1920",
  "rec_c1ff436a7580d4e1",
  "rec_5741359370ce0fc3",
  "rec_87acbce4d82638d3",
  "rec_b432693855606ac9",
  "rec_53a64329a67cafd0",
  "rec_df2ed8db869c5677",
  "rec_3febf176f440e90b",
  "rec_d04b53a51b7f87a6",
  "rec_11bbd79aa676094a",
  "rec_800f78d90de97e49",
  "rec_f83e26cd1725890b",
  "rec_2dbdc858e5b74c18",
  "rec_22230cc6505b52ea",
  "rec_9f194f61435a3c4e",
  "rec_5f12477e5f90a6a7",
  "rec_46c0f9fb88ee69b9",
  "rec_977a53d07109c3ea",
  "rec_7cd076fb73c118b7",
  "rec_749e9930c5604a25",
  "rec_99d0fa0ecabf14ef",
  "rec_a676595d65c96e42",
  "rec_e403e371b72722e8",
  "rec_96fe6f44f49e9a14",
  "rec_cba4dd95cb9b6ccb",
  "rec_e08d2ad418de8597",
  "rec_d1cc07675b7c49c6",
  "rec_445af0967b430081",
  "rec_adb0c3ec2acc2491",
  "rec_033dfaa16e8b37a9",
  "rec_5f9497ef50980cf6",
  "rec_d32e273f94e5d34d",
  "rec_c3266103cef9dd4a",
  "rec_9399247a6727ebcc",
  "rec_5910820155350a69",
  "rec_44fd5c441bc9457e",
  "rec_37ca8f4ba04a5ef0",
  "rec_9fadd652e0fb44ca",
  "rec_657c943052031f45",
  "rec_410b8dd0c417f62d",
  "rec_10480d711e9dee4a",
  "rec_02c091b79de8274c",
  "rec_1e9e06a5e64262b7",
  "rec_dfb1cd20d974a43e",
  "rec_1908e4ca7bcebec9",
  "rec_414bf3413ace2a4e",
  "rec_613344e53e076ea6",
  "rec_a601b9bb854cdf7c",
  "rec_692ab5c802825b04",
  "rec_215d25f609a66e50",
  "rec_a851bf4f2bea23d6",
  "rec_80fcff6693943fbd",
  "rec_d96d413f53005cbc",
  "rec_7d00107c8afc9b02",
  "rec_e442d84dff40b696",
  "rec_399dfc5ba91a7fc0",
  "rec_422791e2a46afca3",
  "rec_dbb0772e83ffeedd",
  "rec_d78da4d4e1411ffb",
  "rec_34a3a43c7a053650",
  "rec_7006b150d08dcb9e",
  "rec_a9bbadbdc926e78d",
  "rec_2edf94fc06f74e29",
  "rec_fa6eb063feb2a59d",
  "rec_47bc9206757df920",
  "rec_fea5fccfd77256bd",
  "rec_44af660df90a9f2a",
  "rec_ed38bfd29af1c651",
  "rec_afcf0a357fce1887",
  "rec_d2ad562495fb6fd9",
  "rec_b61275566f109e9b",
  "rec_fc064b60fcae3453",
  "rec_9d1b407a5dbda81a",
  "rec_7f4d902e1ca6fb0e",
  "rec_70b4a1c19f8e1693",
  "rec_e854718deb72f5d9",
  "rec_18cf42f274d9df5b",
  "rec_03af0f16722dfd55",
  "rec_5d285b053f33e894",
  "rec_b2c6d381358a1b82",
  "rec_32c440a776694ccc",
  "rec_00ec5834e99dd5d1",
  "rec_8be54e1bdb27ca91",
  "rec_301f46a6f5eda323",
  "rec_ed651da566521a73",
  "rec_f9b45bc980d37152",
  "rec_6a76781b78687e7e",
  "rec_3a2ce02fc351df0e",
  "rec_c985ab4e6b49cf3d",
  "rec_291820173fd47153",
  "rec_868a807a560af067",
  "rec_b80932f2a135d224",
  "rec_792bc353b40a9f5f",
  "rec_b0345bd73b7f7e14",
  "rec_b48298cabd8b8f74",
  "rec_8f0a162f48eab2e4",
  "rec_4bf9cd2062a70baa",
  "rec_9963b32638e8536a",
  "rec_48ad25d0df8d5da3",
  "rec_43c7c4f8441da30d",
  "rec_eeede31ef13f1aed",
  "rec_27875e2c0cd05411"
 ],
 "skipped": [],
 "post_count": 197,
 "post_sha256": "5c4714307cf5d355cabdbc7807497a5a40b0d5b6464de6f6043596df5bfdb143",
 "expected_post_count": 197,
 "concurrent_clobber_warning": false,
 "elapsed_seconds": 4.88
}
import exit: 0
-- verify --
{
 "memory_path": "/root/QianWuYuyi-AI/data/memory.json",
 "total_records": 197,
 "pre_count": 93,
 "imported_expected": 104,
 "imported_present": 104,
 "missing_imports": [],
 "schema_fail_count": 0,
 "schema_fail": [],
 "pollution_guard_fail_count": 0,
 "pollution_guard_fail": [],
 "duplicate_fingerprints": {
  "8f434346648f6b96df89dda901c5176b10a6d83961dd3c1ac88b59b2dc327aa4": 11,
  "62c66a7a5dd70c3146618063c344e531e6d4b59e379808443ce962b3abd63c5a": 3,
  "2d711642b726b04401627ca9fbac32f5c8530fb1903cc4db02258717921a4881": 10,
  "d7439bee24773bcbfa2d0a97947ee36227b10d1022b1a55847e928965bb6bfde": 4,
  "ca978112ca1bbdcafac231b39a23dc4da786eff8147c4e72b9807785afee48bb": 2,
  "3e23e8160039594a33894f6564e1b1348bbd7a0088d42c4acb73eeaed59c009d": 2,
  "670d9743542cae3ea7ebe36af56bd53648b0a1126162e78d81a32934a711302e": 4,
  "e4223ed20d7ea5740a326e2b268ca6db91d041cf5194f577e393a8ba3b85d8e9": 2,
  "ca0df2c95aa144c1d0ff2ff3c8f967fdc1de9ef0c4120b3726416701b519d619": 2,
  "29c1b289e7522195b362e44f54e05470b69ad20540ab60a18a05e5bf6951f13d": 2,
  "153812ae5fea0b73a011bf28bd7cea93644437c3fe3260b7b2d7e1e2f9f46bde": 2,
  "2396a1256ac4b1c6849c931ddb8018bdd984bb2383be21bb819a33b95d8d603f": 2,
  "f244da1dc2414780fe88c43efd92954840da7d96cbbac36b54cb40d3fda77af9": 4,
  "ba7816bf8f01cfea414140de5dae2223b00361a396177a9cb410ff61f20015ad": 2,
  "70571c74384826686818c228e79d785cc2525c56aa3e29fc040121213cca1265": 2,
  "8801be8ea075695055d63b98e0640b51396e519f571d50b8b0f1de2ed9823481": 2,
  "6aa8f49cc992dfd75a114269ed26de0ad6d4e7d7a70d9c8afb3d7a57a88a73ed": 2,
  "55aad3e7ae67b3c20f299d2179d849650943293beb08dfbb50f60651c3dea1f9": 15
 },
 "pre_existing_missing": [],
 "pre_existing_content_changed": false,
 "bad_provenance": [],
 "retrieval_checks": [
  {
   "query": "我是清夏铃",
   "hits": 3,
   "hit_imported": 3
  },
  {
   "query": "羽依",
   "hits": 3,
   "hit_imported": 0
  },
  {
   "query": "架构",
   "hits": 3,
   "hit_imported": 3
  },
  {
   "query": "记忆",
   "hits": 3,
   "hit_imported": 3
  },
  {
   "query": "清夏铃",
   "hits": 3,
   "hit_imported": 3
  },
  {
   "query": "人生经历档案",
   "hits": 3,
   "hit_imported": 3
  },
  {
   "query": "成长经验",
   "hits": 3,
   "hit_imported": 3
  },
  {
   "query": "第一次启动",
   "hits": 3,
   "hit_imported": 3
  },
  {
   "query": "统一认知中枢",
   "hits": 3,
   "hit_imported": 3
  }
 ]
}
verify exit: 0
-- post memory.json --
5c4714307cf5d355cabdbc7807497a5a40b0d5b6464de6f6043596df5bfdb143  /root/QianWuYuyi-AI/data/memory.json
-- start yuyi-api --
is-active: active
=== phase24a driver done 2026-08-18 18:34:14 +0800 ===
