=== phase24d driver start 2026-08-18 19:54:01 +0800 ===
is-active before: active
--- memory before ---
3aeb12a8a4c51ad3f4025de83354f0a9132350cd102502b201aec23cf901f2ca  /root/QianWuYuyi-AI/data/memory.json
--- backup done 2026-08-18 19:54:01 +0800 ---
is-active stopped: inactive
{
 "phase": "2.4-D",
 "batch_id": "phase24d-t2b",
 "mode": "import",
 "at": "2026-08-18T19:54:17",
 "memory_path": "/root/QianWuYuyi-AI/data/memory.json",
 "pre_count": 316,
 "pre_sha256": "3aeb12a8a4c51ad3f4025de83354f0a9132350cd102502b201aec23cf901f2ca",
 "payload_total": 86,
 "added": 86,
 "added_ids": [
  "rec_1cfae8c96adbaee3",
  "rec_2207ed060f971c04",
  "rec_eb75ab2bdac31365",
  "rec_d4957d6ea896fa29",
  "rec_e7cf17d6d719025f",
  "rec_a5bb8bdfdfff9a91",
  "rec_f6e976f69d2b040a",
  "rec_09da9ff6e4ec8139",
  "rec_7452f37ebc0e542a",
  "rec_f0e7c0ee13ca6cc0",
  "rec_785473be3ee9d0cd",
  "rec_16d3f8460944d8f8",
  "rec_682d38b5a1abb61e",
  "rec_cb464e2f5541f337",
  "rec_f1b87d9f0a408b89",
  "rec_17b8eeec8c97bdb4",
  "rec_7e6838bef8288f97",
  "rec_644e7bafe040fec9",
  "rec_50e6f5afc2c76145",
  "rec_22a0c4a5a0805a2b",
  "rec_2f653cb0ee958eb8",
  "rec_ad674bd50092d40f",
  "rec_289905899e98d2cb",
  "rec_a1d3d0d3e6da59c4",
  "rec_207850064e7507cc",
  "rec_67daa667d128c18e",
  "rec_88d474363d9a77a9",
  "rec_8afd5e22b52356a9",
  "rec_6b6df6bb25fd96d3",
  "rec_69f03d709a3f37bb",
  "rec_16a1d001b27f0fb1",
  "rec_4ae44e2d6038a3a3",
  "rec_f6cc15acc12c0efa",
  "rec_f038500f7fb7bfa2",
  "rec_468ad9d80455c343",
  "rec_ce33ae3b81142cd9",
  "rec_9eb5ca849e928cdb",
  "rec_3d0af77d55c3d73f",
  "rec_43c24dd69860b9a3",
  "rec_16e749390e935e01",
  "rec_8d236e161ee99450",
  "rec_f46da2732bbab398",
  "rec_87de9a040200f53a",
  "rec_c2596530ca54ba5c",
  "rec_ae48df4c21818ba7",
  "rec_08b3b2eab4900361",
  "rec_4d58b6d6dc9f3ac6",
  "rec_9959bf18c198ea2c",
  "rec_b95f5bbee5cb1146",
  "rec_dd9f1d374ef2e43f",
  "rec_74fb472681e8a0a5",
  "rec_71c787a15aa16ffe",
  "rec_01a5602596da97e6",
  "rec_9722e68a92bee0f3",
  "rec_e86851b734ea639c",
  "rec_267b007224ffee0b",
  "rec_15fdbb93bfa1aaa6",
  "rec_46f453e6927f67d0",
  "rec_9abcacce3c410d33",
  "rec_c597b90e89704024",
  "rec_57d0c066f24b18a3",
  "rec_259e260e6fd73499",
  "rec_68ed50aef109be33",
  "rec_062c07ce7d35dce4",
  "rec_5e477a2681f652cc",
  "rec_f77eafbfdb1d572d",
  "rec_e04e6b0025f3856c",
  "rec_7b7f068f91fdee44",
  "rec_a3dee5627a7127f8",
  "rec_b539cd5cd9cbb1b8",
  "rec_ee421d56bee2e6c4",
  "rec_8d86c542c0ca1daa",
  "rec_c01bce6f3e2b29af",
  "rec_5982d32592a0b37b",
  "rec_c54d558621b6819c",
  "rec_b0fede524a67b9db",
  "rec_f9fddd210a26cf75",
  "rec_fa5e194273565b37",
  "rec_c5f5c6f3fff52597",
  "rec_bcaeaf4221f67709",
  "rec_c257c20f13f93bf4",
  "rec_18bf0195eebb1fae",
  "rec_7434e4f9753e7431",
  "rec_e7ab8312657beeee",
  "rec_be58573b1b4e0c31",
  "rec_f9d939157d6e1e38"
 ],
 "skipped": [],
 "post_count": 402,
 "post_sha256": "16ab12652fcc81915e23d3779e7f13339a0618e8632ef6fba8c0c27e3e751328",
 "expected_post_count": 402,
 "concurrent_clobber_warning": false,
 "elapsed_seconds": 12.43
}
import exit: 0
{
 "memory_path": "/root/QianWuYuyi-AI/data/memory.json",
 "total_records": 402,
 "pre_count": 316,
 "imported_expected": 86,
 "imported_present": 86,
 "missing_imports": [],
 "schema_fail_count": 0,
 "schema_fail": [],
 "pollution_guard_fail_count": 0,
 "pollution_guard_fail": [],
 "duplicate_fingerprints": {
  "8f434346648f6b96df89dda901c5176b10a6d83961dd3c1ac88b59b2dc327aa4": 11,
  "62c66a7a5dd70c3146618063c344e531e6d4b59e379808443ce962b3abd63c5a": 3,
  "2d711642b726b04401627ca9fbac32f5c8530fb1903cc4db02258717921a4881": 10,
  "d7439bee24773bcbfa2d0a97947ee36227b10d1022b1a55847e928965bb6bfde": 4,
  "ca978112ca1bbdcafac231b39a23dc4da786eff8147c4e72b9807785afee48bb": 2,
  "3e23e8160039594a33894f6564e1b1348bbd7a0088d42c4acb73eeaed59c009d": 2,
  "670d9743542cae3ea7ebe36af56bd53648b0a1126162e78d81a32934a711302e": 4,
  "e4223ed20d7ea5740a326e2b268ca6db91d041cf5194f577e393a8ba3b85d8e9": 2,
  "ca0df2c95aa144c1d0ff2ff3c8f967fdc1de9ef0c4120b3726416701b519d619": 2,
  "29c1b289e7522195b362e44f54e05470b69ad20540ab60a18a05e5bf6951f13d": 2,
  "153812ae5fea0b73a011bf28bd7cea93644437c3fe3260b7b2d7e1e2f9f46bde": 2,
  "2396a1256ac4b1c6849c931ddb8018bdd984bb2383be21bb819a33b95d8d603f": 2,
  "f244da1dc2414780fe88c43efd92954840da7d96cbbac36b54cb40d3fda77af9": 4,
  "ba7816bf8f01cfea414140de5dae2223b00361a396177a9cb410ff61f20015ad": 2,
  "70571c74384826686818c228e79d785cc2525c56aa3e29fc040121213cca1265": 2,
  "8801be8ea075695055d63b98e0640b51396e519f571d50b8b0f1de2ed9823481": 2,
  "6aa8f49cc992dfd75a114269ed26de0ad6d4e7d7a70d9c8afb3d7a57a88a73ed": 2,
  "55aad3e7ae67b3c20f299d2179d849650943293beb08dfbb50f60651c3dea1f9": 15
 },
 "pre_existing_missing": [],
 "pre_existing_content_changed": false,
 "bad_provenance": [],
 "retrieval_checks": [
  {
   "query": "我是清夏铃",
   "hits": 3,
   "hit_imported": 0
  },
  {
   "query": "羽依",
   "hits": 3,
   "hit_imported": 0
  },
  {
   "query": "架构",
   "hits": 3,
   "hit_imported": 0
  },
  {
   "query": "记忆",
   "hits": 3,
   "hit_imported": 0
  },
  {
   "query": "清夏铃",
   "hits": 3,
   "hit_imported": 0
  },
  {
   "query": "人生经历档案",
   "hits": 3,
   "hit_imported": 0
  },
  {
   "query": "成长经验",
   "hits": 3,
   "hit_imported": 0
  },
  {
   "query": "第一次启动",
   "hits": 3,
   "hit_imported": 0
  },
  {
   "query": "统一认知中枢",
   "hits": 3,
   "hit_imported": 0
  }
 ]
}
verify exit: 0
--- memory after ---
16ab12652fcc81915e23d3779e7f13339a0618e8632ef6fba8c0c27e3e751328  /root/QianWuYuyi-AI/data/memory.json
is-active after: active
=== phase24d driver done 2026-08-18 19:54:23 +0800 ===
