=== phase24c driver start 2026-08-18 19:33:01 +0800 ===
5c4714307cf5d355cabdbc7807497a5a40b0d5b6464de6f6043596df5bfdb143  /root/QianWuYuyi-AI/data/memory.json
is-active: inactive
{
 "phase": "2.4-C",
 "batch_id": "phase24c-t2a",
 "mode": "import",
 "at": "2026-08-18T19:33:16",
 "memory_path": "/root/QianWuYuyi-AI/data/memory.json",
 "pre_count": 197,
 "pre_sha256": "5c4714307cf5d355cabdbc7807497a5a40b0d5b6464de6f6043596df5bfdb143",
 "payload_total": 119,
 "added": 119,
 "added_ids": [
  "rec_10a5fb266a9fc192",
  "rec_a87aaca3a0d77927",
  "rec_87163997f88b265d",
  "rec_9b9ae0ead05d1615",
  "rec_552da82432def247",
  "rec_30bb163a28fcb633",
  "rec_09802004754ef285",
  "rec_77750694f1c27955",
  "rec_4941b88f7381dda8",
  "rec_3ca116daa978d8a7",
  "rec_aae50cd22d420340",
  "rec_d2ccdcb7253bc257",
  "rec_30599a46bafbf205",
  "rec_4c76f3d8e18b736c",
  "rec_71369f8e8118efe5",
  "rec_6b3135cb3c6481a0",
  "rec_fd6cbbe146ccc9a7",
  "rec_dff36fdecc7e7c74",
  "rec_a7a452c35a28b40d",
  "rec_89c6dc4d4775fb2f",
  "rec_93aec7d874e5198f",
  "rec_c0df60bc31964bb8",
  "rec_7462fb232d9a7643",
  "rec_9c1ec1683c62b7a6",
  "rec_115320d282ce484a",
  "rec_11634ada8cb2eefc",
  "rec_2ac8de0d871cda99",
  "rec_1a4f0cf0bb074206",
  "rec_cfc98d52650d04d0",
  "rec_0d536616db161e27",
  "rec_ce7174545cfa45ef",
  "rec_ec2a95ea9c751b0a",
  "rec_1cbfe6991d743a71",
  "rec_4bd30039f0707439",
  "rec_84c7f24f05fc7756",
  "rec_bce75a04f0127091",
  "rec_2434c4fbd79e955d",
  "rec_594a1347569316ad",
  "rec_adc2ad94f0e2c796",
  "rec_16824e0a391d4792",
  "rec_e4f899f83982dd17",
  "rec_a7205cc559ed8757",
  "rec_ad95ba6ad06d0fa2",
  "rec_448892d708ee131e",
  "rec_23a18c1615c88398",
  "rec_074fec83598c54e2",
  "rec_188ae7dfac554a62",
  "rec_89b44197aa5ae065",
  "rec_aaba456b82882cee",
  "rec_6862f0d2a3e5be48",
  "rec_105eb7459319156e",
  "rec_507fa258c646141f",
  "rec_d38bb893cd09df16",
  "rec_bc618d2df6694757",
  "rec_b9bcb1f4b93adb56",
  "rec_1b4b764cb4341a40",
  "rec_7d6f202da9bcbf96",
  "rec_7fa8ae1a1779a6d0",
  "rec_ba033b452ec1d4ae",
  "rec_e224667b67b770df",
  "rec_c2558ba1155d1d5f",
  "rec_d9492002d21eba7b",
  "rec_c192e2043b3e7ffc",
  "rec_83204e129f8d2c12",
  "rec_1064d5838e7c022a",
  "rec_b3d315f4cc66c3e6",
  "rec_08dd59bb78d71ca8",
  "rec_8f5d658d9ab6bb92",
  "rec_2718a1e434e5f871",
  "rec_df600b58d6be3c70",
  "rec_fd247b7a9fbb8495",
  "rec_119a6611532c834d",
  "rec_6fa13c271e90e7fc",
  "rec_3533c4d83383a72f",
  "rec_956ae5b5b1da70fc",
  "rec_1db43fd09e9b878c",
  "rec_0cead1ede39f12b8",
  "rec_75007a5fdc99a6ad",
  "rec_e7582a745096cca3",
  "rec_c02897477a390548",
  "rec_f7229f5a4f92d9be",
  "rec_03256cd25fa61002",
  "rec_064a03f6607cc71a",
  "rec_4d2ebad5ecc7892f",
  "rec_6e0365bc1cc0a6b6",
  "rec_718d921e40fc6524",
  "rec_df5e5c78efed07e4",
  "rec_a79c678805de6fbf",
  "rec_96102d735e67e5f7",
  "rec_24d4fdcb29b2e26e",
  "rec_ff4509a2afa8e8fa",
  "rec_11478c440518aa0f",
  "rec_d4618bffea73d1f2",
  "rec_cdaf90e6294e5767",
  "rec_c5716b446fe1f56a",
  "rec_6af56a96d1008e3d",
  "rec_9ad3a537ecfd1865",
  "rec_425d0f15eedade0f",
  "rec_cc41959f0fc430d0",
  "rec_8460cd9aa99f188d",
  "rec_b501b699922086f4",
  "rec_50074300277fce6a",
  "rec_80a9d9ecd68d8c67",
  "rec_1de55f72b9148375",
  "rec_47c9032931c0f74d",
  "rec_aa224eac730fd0ff",
  "rec_342854a173a6b5c0",
  "rec_e3880961d17a8144",
  "rec_9b3a4a7f30c7b7ce",
  "rec_c69146972098ee8e",
  "rec_4cae1990f69bb592",
  "rec_fcb5392003f26841",
  "rec_749598b871e367d0",
  "rec_5d8ba8121b29aae8",
  "rec_72eed622cd66d5b3",
  "rec_818531db76683e44",
  "rec_2980e082a92ffbcf",
  "rec_2ecc569a4d24a6a7",
  "rec_2b0176610fe7d893"
 ],
 "skipped": [],
 "post_count": 316,
 "post_sha256": "3aeb12a8a4c51ad3f4025de83354f0a9132350cd102502b201aec23cf901f2ca",
 "expected_post_count": 316,
 "concurrent_clobber_warning": false,
 "elapsed_seconds": 12.01
}
import exit: 0
{
 "memory_path": "/root/QianWuYuyi-AI/data/memory.json",
 "total_records": 316,
 "pre_count": 197,
 "imported_expected": 119,
 "imported_present": 119,
 "missing_imports": [],
 "schema_fail_count": 0,
 "schema_fail": [],
 "pollution_guard_fail_count": 0,
 "pollution_guard_fail": [],
 "duplicate_fingerprints": {
  "8f434346648f6b96df89dda901c5176b10a6d83961dd3c1ac88b59b2dc327aa4": 11,
  "62c66a7a5dd70c3146618063c344e531e6d4b59e379808443ce962b3abd63c5a": 3,
  "2d711642b726b04401627ca9fbac32f5c8530fb1903cc4db02258717921a4881": 10,
  "d7439bee24773bcbfa2d0a97947ee36227b10d1022b1a55847e928965bb6bfde": 4,
  "ca978112ca1bbdcafac231b39a23dc4da786eff8147c4e72b9807785afee48bb": 2,
  "3e23e8160039594a33894f6564e1b1348bbd7a0088d42c4acb73eeaed59c009d": 2,
  "670d9743542cae3ea7ebe36af56bd53648b0a1126162e78d81a32934a711302e": 4,
  "e4223ed20d7ea5740a326e2b268ca6db91d041cf5194f577e393a8ba3b85d8e9": 2,
  "ca0df2c95aa144c1d0ff2ff3c8f967fdc1de9ef0c4120b3726416701b519d619": 2,
  "29c1b289e7522195b362e44f54e05470b69ad20540ab60a18a05e5bf6951f13d": 2,
  "153812ae5fea0b73a011bf28bd7cea93644437c3fe3260b7b2d7e1e2f9f46bde": 2,
  "2396a1256ac4b1c6849c931ddb8018bdd984bb2383be21bb819a33b95d8d603f": 2,
  "f244da1dc2414780fe88c43efd92954840da7d96cbbac36b54cb40d3fda77af9": 4,
  "ba7816bf8f01cfea414140de5dae2223b00361a396177a9cb410ff61f20015ad": 2,
  "70571c74384826686818c228e79d785cc2525c56aa3e29fc040121213cca1265": 2,
  "8801be8ea075695055d63b98e0640b51396e519f571d50b8b0f1de2ed9823481": 2,
  "6aa8f49cc992dfd75a114269ed26de0ad6d4e7d7a70d9c8afb3d7a57a88a73ed": 2,
  "55aad3e7ae67b3c20f299d2179d849650943293beb08dfbb50f60651c3dea1f9": 15
 },
 "pre_existing_missing": [],
 "pre_existing_content_changed": false,
 "bad_provenance": [],
 "retrieval_checks": [
  {
   "query": "我是清夏铃",
   "hits": 3,
   "hit_imported": 0
  },
  {
   "query": "羽依",
   "hits": 3,
   "hit_imported": 0
  },
  {
   "query": "架构",
   "hits": 3,
   "hit_imported": 0
  },
  {
   "query": "记忆",
   "hits": 3,
   "hit_imported": 0
  },
  {
   "query": "清夏铃",
   "hits": 3,
   "hit_imported": 0
  },
  {
   "query": "人生经历档案",
   "hits": 3,
   "hit_imported": 0
  },
  {
   "query": "成长经验",
   "hits": 3,
   "hit_imported": 0
  },
  {
   "query": "第一次启动",
   "hits": 3,
   "hit_imported": 0
  },
  {
   "query": "统一认知中枢",
   "hits": 3,
   "hit_imported": 0
  }
 ]
}
verify exit: 0
3aeb12a8a4c51ad3f4025de83354f0a9132350cd102502b201aec23cf901f2ca  /root/QianWuYuyi-AI/data/memory.json
is-active: active
=== phase24c driver done 2026-08-18 19:33:21 +0800 ===
